00:00 +0: loading /Volumes/Trascend/Personal/finance_app/test/widget_test.dart                                                                                                                         00:01 +0: loading /Volumes/Trascend/Personal/finance_app/test/widget_test.dart                                                                                                                         00:02 +0: loading /Volumes/Trascend/Personal/finance_app/test/widget_test.dart                                                                                                                         00:03 +0: loading /Volumes/Trascend/Personal/finance_app/test/widget_test.dart                                                                                                                         00:04 +0: loading /Volumes/Trascend/Personal/finance_app/test/widget_test.dart                                                                                                                         00:04 +0: App should build without errors                                                                                                                                                              00:04 +0: App should build without errors                                                                                                                                                              
Error getting recurring transactions: HiveError: You need to initialize Hive or provide a path to store the box.
══╡ EXCEPTION CAUGHT BY FLUTTER TEST FRAMEWORK ╞════════════════════════════════════════════════════
The following HiveError was thrown running a test:
You need to initialize Hive or provide a path to store the box.

When the exception was thrown, this was the stack:
#0      BackendManager.open (package:hive/src/backend/vm/backend_manager.dart:21:7)
#1      HiveImpl._openBox (package:hive/src/hive_impl.dart:101:36)
#2      HiveImpl.openBox (package:hive/src/hive_impl.dart:142:18)
#3      SettingsRepository._getBox (package:finance_app/features/settings/data/repositories/settings_repository.dart:23:23)
#4      SettingsRepository.getThemeMode (package:finance_app/features/settings/data/repositories/settings_repository.dart:32:23)
#5      Settings.build (package:finance_app/features/settings/presentation/providers/settings_provider.dart:81:36)
#6      AutoDisposeAsyncNotifierProviderImpl.runNotifierBuild (package:riverpod/src/async_notifier/auto_dispose.dart:101:54)
#7      AsyncNotifierProviderElement.create.<anonymous closure>.<anonymous closure> (package:riverpod/src/async_notifier/base.dart:547:26)
#8      FutureHandlerProviderElementMixin.handleFuture.<anonymous closure> (package:riverpod/src/async_notifier/base.dart:341:30)
#9      FutureHandlerProviderElementMixin._handleAsync (package:riverpod/src/async_notifier/base.dart:388:47)
#10     FutureHandlerProviderElementMixin.handleFuture (package:riverpod/src/async_notifier/base.dart:335:5)
#11     AsyncNotifierProviderElement.create.<anonymous closure> (package:riverpod/src/async_notifier/base.dart:546:9)
#12     ResultData.when (package:riverpod/src/result.dart:82:16)
#13     AsyncNotifierProviderElement.create (package:riverpod/src/async_notifier/base.dart:541:20)
#14     ProviderElementBase.buildState (package:riverpod/src/framework/element.dart:426:7)
#15     ProviderElementBase.mount (package:riverpod/src/framework/element.dart:228:5)
#16     _StateReader._create (package:riverpod/src/framework/container.dart:47:11)
#17     _StateReader.getElement (package:riverpod/src/framework/container.dart:35:52)
#18     ProviderContainer.readProviderElement.<anonymous closure> (package:riverpod/src/framework/container.dart:440:40)
#19     ProviderContainer.readProviderElement (package:riverpod/src/framework/container.dart:475:8)
#20     ProviderBase.addListener (package:riverpod/src/framework/provider_base.dart:79:26)
#21     ProviderContainer.listen (package:riverpod/src/framework/container.dart:280:21)
#22     ConsumerStatefulElement.watch.<anonymous closure> (package:flutter_riverpod/src/consumer.dart:564:25)
#23     _LinkedHashMapMixin.putIfAbsent (dart:_compact_hash:674:23)
#24     ConsumerStatefulElement.watch (package:flutter_riverpod/src/consumer.dart:557:26)
#25     MyApp.build (package:finance_app/main.dart:57:31)
#26     _ConsumerState.build (package:flutter_riverpod/src/consumer.dart:476:19)
#27     StatefulElement.build (package:flutter/src/widgets/framework.dart:5833:27)
#28     ConsumerStatefulElement.build (package:flutter_riverpod/src/consumer.dart:539:20)
#29     ComponentElement.performRebuild (package:flutter/src/widgets/framework.dart:5723:15)
#30     StatefulElement.performRebuild (package:flutter/src/widgets/framework.dart:5884:11)
#31     Element.rebuild (package:flutter/src/widgets/framework.dart:5435:7)
#32     ComponentElement._firstBuild (package:flutter/src/widgets/framework.dart:5705:5)
#33     StatefulElement._firstBuild (package:flutter/src/widgets/framework.dart:5875:11)
#34     ComponentElement.mount (package:flutter/src/widgets/framework.dart:5699:5)
...     Normal element mounting (7 frames)
#41     _UncontrolledProviderScopeElement.mount (package:flutter_riverpod/src/framework.dart:315:11)
...     Normal element mounting (9 frames)
#50     Element.inflateWidget (package:flutter/src/widgets/framework.dart:4548:16)
#51     Element.updateChild (package:flutter/src/widgets/framework.dart:3998:20)
#52     ComponentElement.performRebuild (package:flutter/src/widgets/framework.dart:5747:16)
#53     Element.rebuild (package:flutter/src/widgets/framework.dart:5435:7)
#54     ProxyElement.update (package:flutter/src/widgets/framework.dart:6051:5)
#55     _InheritedNotifierElement.update (package:flutter/src/widgets/inherited_notifier.dart:108:11)
#56     Element.updateChild (package:flutter/src/widgets/framework.dart:3982:15)
#57     ComponentElement.performRebuild (package:flutter/src/widgets/framework.dart:5747:16)
#58     StatefulElement.performRebuild (package:flutter/src/widgets/framework.dart:5884:11)
#59     Element.rebuild (package:flutter/src/widgets/framework.dart:5435:7)
#60     StatefulElement.update (package:flutter/src/widgets/framework.dart:5909:5)
#61     Element.updateChild (package:flutter/src/widgets/framework.dart:3982:15)
#62     ComponentElement.performRebuild (package:flutter/src/widgets/framework.dart:5747:16)
#63     Element.rebuild (package:flutter/src/widgets/framework.dart:5435:7)
#64     ProxyElement.update (package:flutter/src/widgets/framework.dart:6051:5)
#65     _InheritedNotifierElement.update (package:flutter/src/widgets/inherited_notifier.dart:108:11)
#66     Element.updateChild (package:flutter/src/widgets/framework.dart:3982:15)
#67     ComponentElement.performRebuild (package:flutter/src/widgets/framework.dart:5747:16)
#68     StatefulElement.performRebuild (package:flutter/src/widgets/framework.dart:5884:11)
#69     Element.rebuild (package:flutter/src/widgets/framework.dart:5435:7)
#70     StatefulElement.update (package:flutter/src/widgets/framework.dart:5909:5)
#71     Element.updateChild (package:flutter/src/widgets/framework.dart:3982:15)
#72     ComponentElement.performRebuild (package:flutter/src/widgets/framework.dart:5747:16)
#73     StatefulElement.performRebuild (package:flutter/src/widgets/framework.dart:5884:11)
#74     Element.rebuild (package:flutter/src/widgets/framework.dart:5435:7)
#75     StatefulElement.update (package:flutter/src/widgets/framework.dart:5909:5)
#76     Element.updateChild (package:flutter/src/widgets/framework.dart:3982:15)
#77     ComponentElement.performRebuild (package:flutter/src/widgets/framework.dart:5747:16)
#78     Element.rebuild (package:flutter/src/widgets/framework.dart:5435:7)
#79     ProxyElement.update (package:flutter/src/widgets/framework.dart:6051:5)
#80     Element.updateChild (package:flutter/src/widgets/framework.dart:3982:15)
#81     ComponentElement.performRebuild (package:flutter/src/widgets/framework.dart:5747:16)
#82     StatefulElement.performRebuild (package:flutter/src/widgets/framework.dart:5884:11)
#83     Element.rebuild (package:flutter/src/widgets/framework.dart:5435:7)
#84     StatefulElement.update (package:flutter/src/widgets/framework.dart:5909:5)
#85     Element.updateChild (package:flutter/src/widgets/framework.dart:3982:15)
#86     ComponentElement.performRebuild (package:flutter/src/widgets/framework.dart:5747:16)
#87     Element.rebuild (package:flutter/src/widgets/framework.dart:5435:7)
#88     ProxyElement.update (package:flutter/src/widgets/framework.dart:6051:5)
#89     Element.updateChild (package:flutter/src/widgets/framework.dart:3982:15)
#90     ComponentElement.performRebuild (package:flutter/src/widgets/framework.dart:5747:16)
#91     Element.rebuild (package:flutter/src/widgets/framework.dart:5435:7)
#92     ProxyElement.update (package:flutter/src/widgets/framework.dart:6051:5)
#93     Element.updateChild (package:flutter/src/widgets/framework.dart:3982:15)
#94     _RawViewElement._updateChild (package:flutter/src/widgets/view.dart:481:16)
#95     _RawViewElement.update (package:flutter/src/widgets/view.dart:568:5)
#96     Element.updateChild (package:flutter/src/widgets/framework.dart:3982:15)
#97     ComponentElement.performRebuild (package:flutter/src/widgets/framework.dart:5747:16)
#98     Element.rebuild (package:flutter/src/widgets/framework.dart:5435:7)
#99     StatelessElement.update (package:flutter/src/widgets/framework.dart:5797:5)
#100    Element.updateChild (package:flutter/src/widgets/framework.dart:3982:15)
#101    ComponentElement.performRebuild (package:flutter/src/widgets/framework.dart:5747:16)
#102    StatefulElement.performRebuild (package:flutter/src/widgets/framework.dart:5884:11)
#103    Element.rebuild (package:flutter/src/widgets/framework.dart:5435:7)
#104    StatefulElement.update (package:flutter/src/widgets/framework.dart:5909:5)
#105    Element.updateChild (package:flutter/src/widgets/framework.dart:3982:15)
#106    RootElement._rebuild (package:flutter/src/widgets/binding.dart:1716:16)
#107    RootElement.update (package:flutter/src/widgets/binding.dart:1694:5)
#108    RootElement.performRebuild (package:flutter/src/widgets/binding.dart:1708:7)
#109    Element.rebuild (package:flutter/src/widgets/framework.dart:5435:7)
#110    BuildScope._tryRebuild (package:flutter/src/widgets/framework.dart:2695:15)
#111    BuildScope._flushDirtyElements (package:flutter/src/widgets/framework.dart:2752:11)
#112    BuildOwner.buildScope (package:flutter/src/widgets/framework.dart:3056:18)
#113    AutomatedTestWidgetsFlutterBinding.drawFrame (package:flutter_test/src/binding.dart:1506:19)
#114    RendererBinding._handlePersistentFrameCallback (package:flutter/src/rendering/binding.dart:495:5)
#115    SchedulerBinding._invokeFrameCallback (package:flutter/src/scheduler/binding.dart:1434:15)
#116    SchedulerBinding.handleDrawFrame (package:flutter/src/scheduler/binding.dart:1347:9)
#117    AutomatedTestWidgetsFlutterBinding.pump.<anonymous closure> (package:flutter_test/src/binding.dart:1335:9)
#120    TestAsyncUtils.guard (package:flutter_test/src/test_async_utils.dart:74:41)
#121    AutomatedTestWidgetsFlutterBinding.pump (package:flutter_test/src/binding.dart:1324:27)
#122    WidgetTester.pumpWidget.<anonymous closure> (package:flutter_test/src/widget_tester.dart:598:22)
#125    TestAsyncUtils.guard (package:flutter_test/src/test_async_utils.dart:74:41)
#126    WidgetTester.pumpWidget (package:flutter_test/src/widget_tester.dart:595:27)
#127    main.<anonymous closure> (file:///Volumes/Trascend/Personal/finance_app/test/widget_test.dart:9:18)
#128    testWidgets.<anonymous closure>.<anonymous closure> (package:flutter_test/src/widget_tester.dart:192:29)
<asynchronous suspension>
#129    TestWidgetsFlutterBinding._runTestBody (package:flutter_test/src/binding.dart:1059:5)
<asynchronous suspension>
<asynchronous suspension>
(elided 5 frames from dart:async and package:stack_trace)

The test description was:
  App should build without errors
════════════════════════════════════════════════════════════════════════════════════════════════════
00:04 +0 -1: App should build without errors [E]                                                                                                                                                       
  Test failed. See exception logs above.
  The test description was: App should build without errors
  
══╡ EXCEPTION CAUGHT BY FLUTTER TEST FRAMEWORK ╞════════════════════════════════════════════════════
The following HiveError was thrown running a test (but after the test had completed):
You need to initialize Hive or provide a path to store the box.

When the exception was thrown, this was the stack:
#0      BackendManager.open (package:hive/src/backend/vm/backend_manager.dart:21:7)
#1      HiveImpl._openBox (package:hive/src/hive_impl.dart:101:36)
#2      HiveImpl.openBox (package:hive/src/hive_impl.dart:142:18)
#3      SettingsRepository._getBox (package:finance_app/features/settings/data/repositories/settings_repository.dart:23:23)
#4      SettingsRepository.getThemeMode (package:finance_app/features/settings/data/repositories/settings_repository.dart:32:23)
#5      Settings.build (package:finance_app/features/settings/presentation/providers/settings_provider.dart:81:36)
#6      AutoDisposeAsyncNotifierProviderImpl.runNotifierBuild (package:riverpod/src/async_notifier/auto_dispose.dart:101:54)
#7      AsyncNotifierProviderElement.create.<anonymous closure>.<anonymous closure> (package:riverpod/src/async_notifier/base.dart:547:26)
#8      FutureHandlerProviderElementMixin.handleFuture.<anonymous closure> (package:riverpod/src/async_notifier/base.dart:341:30)
#9      FutureHandlerProviderElementMixin._handleAsync (package:riverpod/src/async_notifier/base.dart:388:47)
#10     FutureHandlerProviderElementMixin.handleFuture (package:riverpod/src/async_notifier/base.dart:335:5)
#11     AsyncNotifierProviderElement.create.<anonymous closure> (package:riverpod/src/async_notifier/base.dart:546:9)
#12     ResultData.when (package:riverpod/src/result.dart:82:16)
#13     AsyncNotifierProviderElement.create (package:riverpod/src/async_notifier/base.dart:541:20)
#14     ProviderElementBase.buildState (package:riverpod/src/framework/element.dart:426:7)
#15     ProviderElementBase.mount (package:riverpod/src/framework/element.dart:228:5)
#16     _StateReader._create (package:riverpod/src/framework/container.dart:47:11)
#17     _StateReader.getElement (package:riverpod/src/framework/container.dart:35:52)
#18     ProviderContainer.readProviderElement.<anonymous closure> (package:riverpod/src/framework/container.dart:440:40)
#19     ProviderContainer.readProviderElement (package:riverpod/src/framework/container.dart:475:8)
#20     ProviderBase.addListener (package:riverpod/src/framework/provider_base.dart:79:26)
#21     ProviderContainer.listen (package:riverpod/src/framework/container.dart:280:21)
#22     ConsumerStatefulElement.watch.<anonymous closure> (package:flutter_riverpod/src/consumer.dart:564:25)
#23     _LinkedHashMapMixin.putIfAbsent (dart:_compact_hash:674:23)
#24     ConsumerStatefulElement.watch (package:flutter_riverpod/src/consumer.dart:557:26)
#25     MyApp.build (package:finance_app/main.dart:57:31)
#26     _ConsumerState.build (package:flutter_riverpod/src/consumer.dart:476:19)
#27     StatefulElement.build (package:flutter/src/widgets/framework.dart:5833:27)
#28     ConsumerStatefulElement.build (package:flutter_riverpod/src/consumer.dart:539:20)
#29     ComponentElement.performRebuild (package:flutter/src/widgets/framework.dart:5723:15)
#30     StatefulElement.performRebuild (package:flutter/src/widgets/framework.dart:5884:11)
#31     Element.rebuild (package:flutter/src/widgets/framework.dart:5435:7)
#32     ComponentElement._firstBuild (package:flutter/src/widgets/framework.dart:5705:5)
#33     StatefulElement._firstBuild (package:flutter/src/widgets/framework.dart:5875:11)
#34     ComponentElement.mount (package:flutter/src/widgets/framework.dart:5699:5)
...     Normal element mounting (7 frames)
#41     _UncontrolledProviderScopeElement.mount (package:flutter_riverpod/src/framework.dart:315:11)
...     Normal element mounting (9 frames)
#50     Element.inflateWidget (package:flutter/src/widgets/framework.dart:4548:16)
#51     Element.updateChild (package:flutter/src/widgets/framework.dart:3998:20)
#52     ComponentElement.performRebuild (package:flutter/src/widgets/framework.dart:5747:16)
#53     Element.rebuild (package:flutter/src/widgets/framework.dart:5435:7)
#54     ProxyElement.update (package:flutter/src/widgets/framework.dart:6051:5)
#55     _InheritedNotifierElement.update (package:flutter/src/widgets/inherited_notifier.dart:108:11)
#56     Element.updateChild (package:flutter/src/widgets/framework.dart:3982:15)
#57     ComponentElement.performRebuild (package:flutter/src/widgets/framework.dart:5747:16)
#58     StatefulElement.performRebuild (package:flutter/src/widgets/framework.dart:5884:11)
#59     Element.rebuild (package:flutter/src/widgets/framework.dart:5435:7)
#60     StatefulElement.update (package:flutter/src/widgets/framework.dart:5909:5)
#61     Element.updateChild (package:flutter/src/widgets/framework.dart:3982:15)
#62     ComponentElement.performRebuild (package:flutter/src/widgets/framework.dart:5747:16)
#63     Element.rebuild (package:flutter/src/widgets/framework.dart:5435:7)
#64     ProxyElement.update (package:flutter/src/widgets/framework.dart:6051:5)
#65     _InheritedNotifierElement.update (package:flutter/src/widgets/inherited_notifier.dart:108:11)
#66     Element.updateChild (package:flutter/src/widgets/framework.dart:3982:15)
#67     ComponentElement.performRebuild (package:flutter/src/widgets/framework.dart:5747:16)
#68     StatefulElement.performRebuild (package:flutter/src/widgets/framework.dart:5884:11)
#69     Element.rebuild (package:flutter/src/widgets/framework.dart:5435:7)
#70     StatefulElement.update (package:flutter/src/widgets/framework.dart:5909:5)
#71     Element.updateChild (package:flutter/src/widgets/framework.dart:3982:15)
#72     ComponentElement.performRebuild (package:flutter/src/widgets/framework.dart:5747:16)
#73     StatefulElement.performRebuild (package:flutter/src/widgets/framework.dart:5884:11)
#74     Element.rebuild (package:flutter/src/widgets/framework.dart:5435:7)
#75     StatefulElement.update (package:flutter/src/widgets/framework.dart:5909:5)
#76     Element.updateChild (package:flutter/src/widgets/framework.dart:3982:15)
#77     ComponentElement.performRebuild (package:flutter/src/widgets/framework.dart:5747:16)
#78     Element.rebuild (package:flutter/src/widgets/framework.dart:5435:7)
#79     ProxyElement.update (package:flutter/src/widgets/framework.dart:6051:5)
#80     Element.updateChild (package:flutter/src/widgets/framework.dart:3982:15)
#81     ComponentElement.performRebuild (package:flutter/src/widgets/framework.dart:5747:16)
#82     StatefulElement.performRebuild (package:flutter/src/widgets/framework.dart:5884:11)
#83     Element.rebuild (package:flutter/src/widgets/framework.dart:5435:7)
#84     StatefulElement.update (package:flutter/src/widgets/framework.dart:5909:5)
#85     Element.updateChild (package:flutter/src/widgets/framework.dart:3982:15)
#86     ComponentElement.performRebuild (package:flutter/src/widgets/framework.dart:5747:16)
#87     Element.rebuild (package:flutter/src/widgets/framework.dart:5435:7)
#88     ProxyElement.update (package:flutter/src/widgets/framework.dart:6051:5)
#89     Element.updateChild (package:flutter/src/widgets/framework.dart:3982:15)
#90     ComponentElement.performRebuild (package:flutter/src/widgets/framework.dart:5747:16)
#91     Element.rebuild (package:flutter/src/widgets/framework.dart:5435:7)
#92     ProxyElement.update (package:flutter/src/widgets/framework.dart:6051:5)
#93     Element.updateChild (package:flutter/src/widgets/framework.dart:3982:15)
#94     _RawViewElement._updateChild (package:flutter/src/widgets/view.dart:481:16)
#95     _RawViewElement.update (package:flutter/src/widgets/view.dart:568:5)
#96     Element.updateChild (package:flutter/src/widgets/framework.dart:3982:15)
#97     ComponentElement.performRebuild (package:flutter/src/widgets/framework.dart:5747:16)
#98     Element.rebuild (package:flutter/src/widgets/framework.dart:5435:7)
#99     StatelessElement.update (package:flutter/src/widgets/framework.dart:5797:5)
#100    Element.updateChild (package:flutter/src/widgets/framework.dart:3982:15)
#101    ComponentElement.performRebuild (package:flutter/src/widgets/framework.dart:5747:16)
#102    StatefulElement.performRebuild (package:flutter/src/widgets/framework.dart:5884:11)
#103    Element.rebuild (package:flutter/src/widgets/framework.dart:5435:7)
#104    StatefulElement.update (package:flutter/src/widgets/framework.dart:5909:5)
#105    Element.updateChild (package:flutter/src/widgets/framework.dart:3982:15)
#106    RootElement._rebuild (package:flutter/src/widgets/binding.dart:1716:16)
#107    RootElement.update (package:flutter/src/widgets/binding.dart:1694:5)
#108    RootElement.performRebuild (package:flutter/src/widgets/binding.dart:1708:7)
#109    Element.rebuild (package:flutter/src/widgets/framework.dart:5435:7)
#110    BuildScope._tryRebuild (package:flutter/src/widgets/framework.dart:2695:15)
#111    BuildScope._flushDirtyElements (package:flutter/src/widgets/framework.dart:2752:11)
#112    BuildOwner.buildScope (package:flutter/src/widgets/framework.dart:3056:18)
#113    AutomatedTestWidgetsFlutterBinding.drawFrame (package:flutter_test/src/binding.dart:1506:19)
#114    RendererBinding._handlePersistentFrameCallback (package:flutter/src/rendering/binding.dart:495:5)
#115    SchedulerBinding._invokeFrameCallback (package:flutter/src/scheduler/binding.dart:1434:15)
#116    SchedulerBinding.handleDrawFrame (package:flutter/src/scheduler/binding.dart:1347:9)
#117    AutomatedTestWidgetsFlutterBinding.pump.<anonymous closure> (package:flutter_test/src/binding.dart:1335:9)
#120    TestAsyncUtils.guard (package:flutter_test/src/test_async_utils.dart:74:41)
#121    AutomatedTestWidgetsFlutterBinding.pump (package:flutter_test/src/binding.dart:1324:27)
#122    WidgetTester.pumpWidget.<anonymous closure> (package:flutter_test/src/widget_tester.dart:598:22)
#125    TestAsyncUtils.guard (package:flutter_test/src/test_async_utils.dart:74:41)
#126    WidgetTester.pumpWidget (package:flutter_test/src/widget_tester.dart:595:27)
#127    main.<anonymous closure> (file:///Volumes/Trascend/Personal/finance_app/test/widget_test.dart:9:18)
#128    testWidgets.<anonymous closure>.<anonymous closure> (package:flutter_test/src/widget_tester.dart:192:29)
<asynchronous suspension>
#129    TestWidgetsFlutterBinding._runTestBody (package:flutter_test/src/binding.dart:1059:5)
<asynchronous suspension>
<asynchronous suspension>
(elided 5 frames from dart:async and package:stack_trace)
════════════════════════════════════════════════════════════════════════════════════════════════════
  Test failed. See exception logs above.
  The test description was: App should build without errors
  
══╡ EXCEPTION CAUGHT BY FLUTTER TEST FRAMEWORK ╞════════════════════════════════════════════════════
The following HiveError was thrown running a test (but after the test had completed):
You need to initialize Hive or provide a path to store the box.

When the exception was thrown, this was the stack:
#0      BackendManager.open (package:hive/src/backend/vm/backend_manager.dart:21:7)
#1      HiveImpl._openBox (package:hive/src/hive_impl.dart:101:36)
#2      HiveImpl.openBox (package:hive/src/hive_impl.dart:142:18)
#3      RecurringTransactionRepository._openBox (package:finance_app/features/transactions/data/repositories/recurring_transaction_repository.dart:10:25)
#4      RecurringTransactionRepository.getRecurringTransactions (package:finance_app/features/transactions/data/repositories/recurring_transaction_repository.dart:27:25)
#5      RecurringTransactionService.processRecurringTransactions (package:finance_app/features/transactions/data/services/recurring_transaction_service.dart:17:53)
#6      _SplashPageState._processInitialTasks (package:finance_app/features/splash/presentation/pages/splash_page.dart:103:28)
#7      _SplashPageState.initState (package:finance_app/features/splash/presentation/pages/splash_page.dart:37:5)
#8      StatefulElement._firstBuild (package:flutter/src/widgets/framework.dart:5852:55)
#9      ComponentElement.mount (package:flutter/src/widgets/framework.dart:5699:5)
...     Normal element mounting (228 frames)
#237    Element.inflateWidget (package:flutter/src/widgets/framework.dart:4548:16)
#238    MultiChildRenderObjectElement.inflateWidget (package:flutter/src/widgets/framework.dart:7169:36)
#239    MultiChildRenderObjectElement.mount (package:flutter/src/widgets/framework.dart:7185:32)
...     Normal element mounting (462 frames)
#701    _UncontrolledProviderScopeElement.mount (package:flutter_riverpod/src/framework.dart:315:11)
...     Normal element mounting (9 frames)
#710    Element.inflateWidget (package:flutter/src/widgets/framework.dart:4548:16)
#711    Element.updateChild (package:flutter/src/widgets/framework.dart:3998:20)
#712    ComponentElement.performRebuild (package:flutter/src/widgets/framework.dart:5747:16)
#713    Element.rebuild (package:flutter/src/widgets/framework.dart:5435:7)
#714    ProxyElement.update (package:flutter/src/widgets/framework.dart:6051:5)
#715    _InheritedNotifierElement.update (package:flutter/src/widgets/inherited_notifier.dart:108:11)
#716    Element.updateChild (package:flutter/src/widgets/framework.dart:3982:15)
#717    ComponentElement.performRebuild (package:flutter/src/widgets/framework.dart:5747:16)
#718    StatefulElement.performRebuild (package:flutter/src/widgets/framework.dart:5884:11)
#719    Element.rebuild (package:flutter/src/widgets/framework.dart:5435:7)
#720    StatefulElement.update (package:flutter/src/widgets/framework.dart:5909:5)
#721    Element.updateChild (package:flutter/src/widgets/framework.dart:3982:15)
#722    ComponentElement.performRebuild (package:flutter/src/widgets/framework.dart:5747:16)
#723    Element.rebuild (package:flutter/src/widgets/framework.dart:5435:7)
#724    ProxyElement.update (package:flutter/src/widgets/framework.dart:6051:5)
#725    _InheritedNotifierElement.update (package:flutter/src/widgets/inherited_notifier.dart:108:11)
#726    Element.updateChild (package:flutter/src/widgets/framework.dart:3982:15)
#727    ComponentElement.performRebuild (package:flutter/src/widgets/framework.dart:5747:16)
#728    StatefulElement.performRebuild (package:flutter/src/widgets/framework.dart:5884:11)
#729    Element.rebuild (package:flutter/src/widgets/framework.dart:5435:7)
#730    StatefulElement.update (package:flutter/src/widgets/framework.dart:5909:5)
#731    Element.updateChild (package:flutter/src/widgets/framework.dart:3982:15)
#732    ComponentElement.performRebuild (package:flutter/src/widgets/framework.dart:5747:16)
#733    StatefulElement.performRebuild (package:flutter/src/widgets/framework.dart:5884:11)
#734    Element.rebuild (package:flutter/src/widgets/framework.dart:5435:7)
#735    StatefulElement.update (package:flutter/src/widgets/framework.dart:5909:5)
#736    Element.updateChild (package:flutter/src/widgets/framework.dart:3982:15)
#737    ComponentElement.performRebuild (package:flutter/src/widgets/framework.dart:5747:16)
#738    Element.rebuild (package:flutter/src/widgets/framework.dart:5435:7)
#739    ProxyElement.update (package:flutter/src/widgets/framework.dart:6051:5)
#740    Element.updateChild (package:flutter/src/widgets/framework.dart:3982:15)
#741    ComponentElement.performRebuild (package:flutter/src/widgets/framework.dart:5747:16)
#742    StatefulElement.performRebuild (package:flutter/src/widgets/framework.dart:5884:11)
#743    Element.rebuild (package:flutter/src/widgets/framework.dart:5435:7)
#744    StatefulElement.update (package:flutter/src/widgets/framework.dart:5909:5)
#745    Element.updateChild (package:flutter/src/widgets/framework.dart:3982:15)
#746    ComponentElement.performRebuild (package:flutter/src/widgets/framework.dart:5747:16)
#747    Element.rebuild (package:flutter/src/widgets/framework.dart:5435:7)
#748    ProxyElement.update (package:flutter/src/widgets/framework.dart:6051:5)
#749    Element.updateChild (package:flutter/src/widgets/framework.dart:3982:15)
#750    ComponentElement.performRebuild (package:flutter/src/widgets/framework.dart:5747:16)
#751    Element.rebuild (package:flutter/src/widgets/framework.dart:5435:7)
#752    ProxyElement.update (package:flutter/src/widgets/framework.dart:6051:5)
#753    Element.updateChild (package:flutter/src/widgets/framework.dart:3982:15)
#754    _RawViewElement._updateChild (package:flutter/src/widgets/view.dart:481:16)
#755    _RawViewElement.update (package:flutter/src/widgets/view.dart:568:5)
#756    Element.updateChild (package:flutter/src/widgets/framework.dart:3982:15)
#757    ComponentElement.performRebuild (package:flutter/src/widgets/framework.dart:5747:16)
#758    Element.rebuild (package:flutter/src/widgets/framework.dart:5435:7)
#759    StatelessElement.update (package:flutter/src/widgets/framework.dart:5797:5)
#760    Element.updateChild (package:flutter/src/widgets/framework.dart:3982:15)
#761    ComponentElement.performRebuild (package:flutter/src/widgets/framework.dart:5747:16)
#762    StatefulElement.performRebuild (package:flutter/src/widgets/framework.dart:5884:11)
#763    Element.rebuild (package:flutter/src/widgets/framework.dart:5435:7)
#764    StatefulElement.update (package:flutter/src/widgets/framework.dart:5909:5)
#765    Element.updateChild (package:flutter/src/widgets/framework.dart:3982:15)
#766    RootElement._rebuild (package:flutter/src/widgets/binding.dart:1716:16)
#767    RootElement.update (package:flutter/src/widgets/binding.dart:1694:5)
#768    RootElement.performRebuild (package:flutter/src/widgets/binding.dart:1708:7)
#769    Element.rebuild (package:flutter/src/widgets/framework.dart:5435:7)
#770    BuildScope._tryRebuild (package:flutter/src/widgets/framework.dart:2695:15)
#771    BuildScope._flushDirtyElements (package:flutter/src/widgets/framework.dart:2752:11)
#772    BuildOwner.buildScope (package:flutter/src/widgets/framework.dart:3056:18)
#773    AutomatedTestWidgetsFlutterBinding.drawFrame (package:flutter_test/src/binding.dart:1506:19)
#774    RendererBinding._handlePersistentFrameCallback (package:flutter/src/rendering/binding.dart:495:5)
#775    SchedulerBinding._invokeFrameCallback (package:flutter/src/scheduler/binding.dart:1434:15)
#776    SchedulerBinding.handleDrawFrame (package:flutter/src/scheduler/binding.dart:1347:9)
#777    AutomatedTestWidgetsFlutterBinding.pump.<anonymous closure> (package:flutter_test/src/binding.dart:1335:9)
#780    TestAsyncUtils.guard (package:flutter_test/src/test_async_utils.dart:74:41)
#781    AutomatedTestWidgetsFlutterBinding.pump (package:flutter_test/src/binding.dart:1324:27)
#782    WidgetTester.pumpWidget.<anonymous closure> (package:flutter_test/src/widget_tester.dart:598:22)
#785    TestAsyncUtils.guard (package:flutter_test/src/test_async_utils.dart:74:41)
#786    WidgetTester.pumpWidget (package:flutter_test/src/widget_tester.dart:595:27)
#787    main.<anonymous closure> (file:///Volumes/Trascend/Personal/finance_app/test/widget_test.dart:9:18)
#788    testWidgets.<anonymous closure>.<anonymous closure> (package:flutter_test/src/widget_tester.dart:192:29)
<asynchronous suspension>
#789    TestWidgetsFlutterBinding._runTestBody (package:flutter_test/src/binding.dart:1059:5)
<asynchronous suspension>
<asynchronous suspension>
(elided 5 frames from dart:async and package:stack_trace)
════════════════════════════════════════════════════════════════════════════════════════════════════
  Test failed. See exception logs above.
  The test description was: App should build without errors
  
Pending timers:
Timer (duration: 0:00:03.000000, periodic: false), created:
#0      new FakeTimer._ (package:fake_async/fake_async.dart:342:62)
#1      FakeAsync._createTimer (package:fake_async/fake_async.dart:260:29)
#2      FakeAsync.run.<anonymous closure> (package:fake_async/fake_async.dart:185:15)
#6      _SplashPageState.initState (package:finance_app/features/splash/presentation/pages/splash_page.dart:66:12)
#7      StatefulElement._firstBuild (package:flutter/src/widgets/framework.dart:5852:55)
#8      ComponentElement.mount (package:flutter/src/widgets/framework.dart:5699:5)
...     Normal element mounting (228 frames)
#236    Element.inflateWidget (package:flutter/src/widgets/framework.dart:4548:16)
#237    MultiChildRenderObjectElement.inflateWidget (package:flutter/src/widgets/framework.dart:7169:36)
#238    MultiChildRenderObjectElement.mount (package:flutter/src/widgets/framework.dart:7185:32)
...     Normal element mounting (462 frames)
#700    _UncontrolledProviderScopeElement.mount (package:flutter_riverpod/src/framework.dart:315:11)
...     Normal element mounting (9 frames)
#709    Element.inflateWidget (package:flutter/src/widgets/framework.dart:4548:16)
#710    Element.updateChild (package:flutter/src/widgets/framework.dart:3998:20)
#711    ComponentElement.performRebuild (package:flutter/src/widgets/framework.dart:5747:16)
#712    Element.rebuild (package:flutter/src/widgets/framework.dart:5435:7)
#713    ProxyElement.update (package:flutter/src/widgets/framework.dart:6051:5)
#714    _InheritedNotifierElement.update (package:flutter/src/widgets/inherited_notifier.dart:108:11)
#715    Element.updateChild (package:flutter/src/widgets/framework.dart:3982:15)
#716    ComponentElement.performRebuild (package:flutter/src/widgets/framework.dart:5747:16)
#717    StatefulElement.performRebuild (package:flutter/src/widgets/framework.dart:5884:11)
#718    Element.rebuild (package:flutter/src/widgets/framework.dart:5435:7)
#719    StatefulElement.update (package:flutter/src/widgets/framework.dart:5909:5)
#720    Element.updateChild (package:flutter/src/widgets/framework.dart:3982:15)
#721    ComponentElement.performRebuild (package:flutter/src/widgets/framework.dart:5747:16)
#722    Element.rebuild (package:flutter/src/widgets/framework.dart:5435:7)
#723    ProxyElement.update (package:flutter/src/widgets/framework.dart:6051:5)
#724    _InheritedNotifierElement.update (package:flutter/src/widgets/inherited_notifier.dart:108:11)
#725    Element.updateChild (package:flutter/src/widgets/framework.dart:3982:15)
#726    ComponentElement.performRebuild (package:flutter/src/widgets/framework.dart:5747:16)
#727    StatefulElement.performRebuild (package:flutter/src/widgets/framework.dart:5884:11)
#728    Element.rebuild (package:flutter/src/widgets/framework.dart:5435:7)
#729    StatefulElement.update (package:flutter/src/widgets/framework.dart:5909:5)
#730    Element.updateChild (package:flutter/src/widgets/framework.dart:3982:15)
#731    ComponentElement.performRebuild (package:flutter/src/widgets/framework.dart:5747:16)
#732    StatefulElement.performRebuild (package:flutter/src/widgets/framework.dart:5884:11)
#733    Element.rebuild (package:flutter/src/widgets/framework.dart:5435:7)
#734    StatefulElement.update (package:flutter/src/widgets/framework.dart:5909:5)
#735    Element.updateChild (package:flutter/src/widgets/framework.dart:3982:15)
#736    ComponentElement.performRebuild (package:flutter/src/widgets/framework.dart:5747:16)
#737    Element.rebuild (package:flutter/src/widgets/framework.dart:5435:7)
#738    ProxyElement.update (package:flutter/src/widgets/framework.dart:6051:5)
#739    Element.updateChild (package:flutter/src/widgets/framework.dart:3982:15)
#740    ComponentElement.performRebuild (package:flutter/src/widgets/framework.dart:5747:16)
#741    StatefulElement.performRebuild (package:flutter/src/widgets/framework.dart:5884:11)
#742    Element.rebuild (package:flutter/src/widgets/framework.dart:5435:7)
#743    StatefulElement.update (package:flutter/src/widgets/framework.dart:5909:5)
#744    Element.updateChild (package:flutter/src/widgets/framework.dart:3982:15)
#745    ComponentElement.performRebuild (package:flutter/src/widgets/framework.dart:5747:16)
#746    Element.rebuild (package:flutter/src/widgets/framework.dart:5435:7)
#747    ProxyElement.update (package:flutter/src/widgets/framework.dart:6051:5)
#748    Element.updateChild (package:flutter/src/widgets/framework.dart:3982:15)
#749    ComponentElement.performRebuild (package:flutter/src/widgets/framework.dart:5747:16)
#750    Element.rebuild (package:flutter/src/widgets/framework.dart:5435:7)
#751    ProxyElement.update (package:flutter/src/widgets/framework.dart:6051:5)
#752    Element.updateChild (package:flutter/src/widgets/framework.dart:3982:15)
#753    _RawViewElement._updateChild (package:flutter/src/widgets/view.dart:481:16)
#754    _RawViewElement.update (package:flutter/src/widgets/view.dart:568:5)
#755    Element.updateChild (package:flutter/src/widgets/framework.dart:3982:15)
#756    ComponentElement.performRebuild (package:flutter/src/widgets/framework.dart:5747:16)
#757    Element.rebuild (package:flutter/src/widgets/framework.dart:5435:7)
#758    StatelessElement.update (package:flutter/src/widgets/framework.dart:5797:5)
#759    Element.updateChild (package:flutter/src/widgets/framework.dart:3982:15)
#760    ComponentElement.performRebuild (package:flutter/src/widgets/framework.dart:5747:16)
#761    StatefulElement.performRebuild (package:flutter/src/widgets/framework.dart:5884:11)
#762    Element.rebuild (package:flutter/src/widgets/framework.dart:5435:7)
#763    StatefulElement.update (package:flutter/src/widgets/framework.dart:5909:5)
#764    Element.updateChild (package:flutter/src/widgets/framework.dart:3982:15)
#765    RootElement._rebuild (package:flutter/src/widgets/binding.dart:1716:16)
#766    RootElement.update (package:flutter/src/widgets/binding.dart:1694:5)
#767    RootElement.performRebuild (package:flutter/src/widgets/binding.dart:1708:7)
#768    Element.rebuild (package:flutter/src/widgets/framework.dart:5435:7)
#769    BuildScope._tryRebuild (package:flutter/src/widgets/framework.dart:2695:15)
#770    BuildScope._flushDirtyElements (package:flutter/src/widgets/framework.dart:2752:11)
#771    BuildOwner.buildScope (package:flutter/src/widgets/framework.dart:3056:18)
#772    AutomatedTestWidgetsFlutterBinding.drawFrame (package:flutter_test/src/binding.dart:1506:19)
#773    RendererBinding._handlePersistentFrameCallback (package:flutter/src/rendering/binding.dart:495:5)
#774    SchedulerBinding._invokeFrameCallback (package:flutter/src/scheduler/binding.dart:1434:15)
#775    SchedulerBinding.handleDrawFrame (package:flutter/src/scheduler/binding.dart:1347:9)
#776    AutomatedTestWidgetsFlutterBinding.pump.<anonymous closure> (package:flutter_test/src/binding.dart:1335:9)
#779    TestAsyncUtils.guard (package:flutter_test/src/test_async_utils.dart:74:41)
#780    AutomatedTestWidgetsFlutterBinding.pump (package:flutter_test/src/binding.dart:1324:27)
#781    WidgetTester.pumpWidget.<anonymous closure> (package:flutter_test/src/widget_tester.dart:598:22)
#784    TestAsyncUtils.guard (package:flutter_test/src/test_async_utils.dart:74:41)
#785    WidgetTester.pumpWidget (package:flutter_test/src/widget_tester.dart:595:27)
#786    main.<anonymous closure> (file:///Volumes/Trascend/Personal/finance_app/test/widget_test.dart:9:18)
#787    testWidgets.<anonymous closure>.<anonymous closure> (package:flutter_test/src/widget_tester.dart:192:29)
<asynchronous suspension>
#788    TestWidgetsFlutterBinding._runTestBody (package:flutter_test/src/binding.dart:1059:5)
<asynchronous suspension>
<asynchronous suspension>
(elided 8 frames from dart:async and package:stack_trace)

══╡ EXCEPTION CAUGHT BY FLUTTER TEST FRAMEWORK ╞════════════════════════════════════════════════════
The following assertion was thrown running a test (but after the test had completed):
A Timer is still pending even after the widget tree was disposed.
'package:flutter_test/src/binding.dart':
Failed assertion: line 1617 pos 12: '!timersPending'

When the exception was thrown, this was the stack:
#2      AutomatedTestWidgetsFlutterBinding._verifyInvariants (package:flutter_test/src/binding.dart:1617:12)
#3      TestWidgetsFlutterBinding._runTestBody (package:flutter_test/src/binding.dart:1078:7)
<asynchronous suspension>
<asynchronous suspension>
(elided 3 frames from class _AssertionError and package:stack_trace)
════════════════════════════════════════════════════════════════════════════════════════════════════
  Test failed. See exception logs above.
  The test description was: App should build without errors
  

To run this test again: /Users/bitskraft/flutter/bin/cache/dart-sdk/bin/dart test /Volumes/Trascend/Personal/finance_app/test/widget_test.dart -p vm --plain-name 'App should build without errors'
00:04 +0 -1: Some tests failed.                                                                                                                                                                        
